2026-03-03 21:41:32.861 - DBeaver 25.3.4.202602011558 is starting
2026-03-03 21:41:32.862 - OS: Windows 11 10.0 (amd64)
2026-03-03 21:41:32.862 - Java version: 21.0.8 by Eclipse Adoptium (64bit)
2026-03-03 21:41:32.862 - Install path: 'C:\Users\USER-PC\git\koreait-study'
2026-03-03 21:41:32.862 - Instance path: 'file:/C:/Study/koreait-study/2. Datanbase/General/Scripts/'
2026-03-03 21:41:32.863 - Memory available 64Mb/1024Mb
2026-03-03 21:41:32.870 - Create display
2026-03-03 21:41:32.955 - Initialize desktop platform...
2026-03-03 21:41:33.032 - BounceCastle bundle found. Use JCE provider BC
> Start Core File Systems [org.eclipse.core.filesystem 1.11.400.v20251107-0507]
> Start Core Resource Management [org.eclipse.core.resources 3.23.100.v20251106-1705]
> Start 팀 지원 핵심 [org.eclipse.team.core 3.10.900.v20251104-0924]
> Start DBeaver UI Navigator [org.jkiss.dbeaver.ui.navigator 1.0.172.202602011558]
> Start JFace 텍스트 [org.eclipse.jface.text 3.29.0.v20251112-0859]
Warning: NLS unused message: WorkbenchPreference_reuseEditorsThreshold in: org.eclipse.ui.internal.messages
Warning: NLS unused message: 이유 in: org.eclipse.ui.internal.messages
2026-03-03 21:41:33.264 - Initialize base platform...
2026-03-03 21:41:33.272 - Platform initialized (317ms)
> Start Equinox Java Authentication and Authorization Service (JAAS) [org.eclipse.equinox.security 1.4.700.v20250622-1644]
> Start 인터넷 연결 관리 사용자 인터페이스 [org.eclipse.ui.net 1.5.500.v20250611-0855]
> Start Internet Connection Management [org.eclipse.core.net 1.5.800.v20250613-1119]
2026-03-03 21:41:33.292 - Proxy service 'org.eclipse.core.net.proxy.IProxyService' loaded
2026-03-03 21:41:33.312 - Starting instance server at http://localhost:52011
2026-03-03 21:41:33.326 - Run workbench
> Start Eclipse IDE UI [org.eclipse.ui.ide 3.22.800.v20251112-0859]
> Start Eclipse e4 작업영역 SWT [org.eclipse.e4.ui.workbench.swt 0.17.1000.v20251023-0611]
> Start Eclipse Application Services [org.eclipse.e4.core.services 2.5.300.v20251112-1253]
> Start Eclipse UI Application Services [org.eclipse.e4.ui.services 1.6.600.v20251023-1358]
> Start Eclipse e4 Progress View [org.eclipse.e4.ui.progress 0.4.900.v20251023-1511]
> Start Eclipse Bindings Support [org.eclipse.e4.ui.bindings 0.14.800.v20250916-0937]
> Start Eclipse e4 core commands [org.eclipse.e4.core.commands 1.1.700.v20250916-0927]
> Start EMF XML/XMI Persistence [org.eclipse.emf.ecore.xmi 2.39.0.v20250910-1205]
> Start Eclipse CSS SWT Theme Support [org.eclipse.e4.ui.css.swt.theme 0.14.600.v20251023-0615]
> Start Eclipse e4 작업영역 기능 추가 [org.eclipse.e4.ui.workbench.addons.swt 1.5.900.v20251007-0832]
> Start Eclipse e4 작업영역 SWT 렌더러 [org.eclipse.e4.ui.workbench.renderers.swt 0.16.1000.v20251114-0005]
> Start Eclipse Dependency Injection Extensions [org.eclipse.e4.core.di.extensions 0.18.300.v20240413-1529]
> Start DBeaver AI Model [org.jkiss.dbeaver.model.ai 2.0.15.202602011558]
> Start DBeaver AI UI [org.jkiss.dbeaver.ui.ai 1.0.74.202602011558]
> Start Eclipse CSS SWT Support [org.eclipse.e4.ui.css.swt 0.15.700.v20251023-1511]
2026-03-03 21:41:34.452 - Configure workbench window
> Start DBeaver SQL Model [org.jkiss.dbeaver.model.sql 1.0.162.202602011558]
2026-03-03 21:41:34.701 - Total database drivers: 127 (127)
> Start 도움말 시스템 코어 [org.eclipse.help 3.10.600.v20250613-0437]
2026-03-03 21:41:34.816 - Create actions
> Start 기본 문서 편집기 [org.eclipse.ui.editors 3.20.200.v20251125-0939]
> Start 텍스트 편집기 프레임워크 [org.eclipse.ui.workbench.texteditor 3.19.400.v20251105-0815]
2026-03-03 21:41:36.289 - Initialize workbench window
2026-03-03 21:41:36.308 - Finish initialization
> Start DBeaver UI Editors - Data [org.jkiss.dbeaver.ui.editors.data 1.0.172.202602011558]
> Start DBeaver UI Editors - SQL [org.jkiss.dbeaver.ui.editors.sql 1.0.172.202602011558]
> Start DBeaver Dashboard UI [org.jkiss.dbeaver.ui.dashboard 1.0.169.202602011558]
> Start GEF Classic Draw2d [org.eclipse.draw2d 3.21.0.202512020742]
> Start GEF Classic GEF (MVC) [org.eclipse.gef 3.24.0.202511201732]
> Start DBeaver ERD UI [org.jkiss.dbeaver.ui.editors.erd 3.1.13.202602011558]
> Start DBeaver ERD Model [org.jkiss.dbeaver.model.erd 1.1.13.202602011558]
> Start DBeaver Sample Database [org.jkiss.dbeaver.ui.config.sample 1.0.209.202602011558]
> Start DBeaver JDBC Model [org.jkiss.dbeaver.model.jdbc 1.0.65.202602011558]
> Start DBeaver Generic Plug-in [org.jkiss.dbeaver.ext.generic 2.3.258.202602011558]
> Start DBeaver SQLite Model [org.jkiss.dbeaver.ext.sqlite 1.0.221.202602011558]
2026-03-03 21:41:47.368 - Open [https://dbeaver.io/product/version.xml]
2026-03-03 21:41:53.603 - Open [https://repo1.maven.org/maven2/org/xerial/sqlite-jdbc/maven-metadata.xml]
2026-03-03 21:41:53.784 - Open [https://repo1.maven.org/maven2/org/xerial/sqlite-jdbc/3.51.2.0/sqlite-jdbc-3.51.2.0.pom]
2026-03-03 21:41:53.810 - Open [https://repo1.maven.org/maven2/org/junit/junit-bom/5.12.2/junit-bom-5.12.2.pom]
2026-03-03 21:41:55.383 - Open [https://repo1.maven.org/maven2/org/xerial/sqlite-jdbc/3.51.2.0/sqlite-jdbc-3.51.2.0.jar]
2026-03-03 21:41:55.710 - Connect with 'DBeaver Sample Database (SQLite)' (dbeaver-sample-database-sqlite-1)
2026-03-03 21:41:55.749 - Execution context opened (DBeaver Sample Database (SQLite); Main; 0)
2026-03-03 21:41:55.840 - Connected (dbeaver-sample-database-sqlite-1, SQLite JDBC [3.51.2.0])
> Start org.jkiss.bundle.gis [org.jkiss.bundle.gis 2.0.8]
> Start DBeaver GIS Support [org.jkiss.dbeaver.data.gis 1.0.196.202602011558]
> Start DBeaver SQLite UI [org.jkiss.dbeaver.ext.sqlite.ui 1.0.142.202602011558]
2026-03-03 21:42:11.074 - Dispose navigator model
2026-03-03 21:42:11.130 - DBeaver is stopping
2026-03-03 21:42:11.135 - Stop instance server
2026-03-03 21:42:12.148 - DBeaver shutdown completed
